<?xml version="1.0" encoding="UTF-8"?>
<TestRun id="9ef11ca2-2276-491c-8464-f99fbe7c5caa" name="taylordl@PAR8B3DX 2012-02-23 12:36:55" runUser="CORALEIGH\taylordl" xmlns="http://microsoft.com/schemas/VisualStudio/TeamTest/2010">
  <TestSettings name="Default Test Settings" id="a08fa336-3963-42d1-8d18-7f4ffd276021">
    <Deployment runDeploymentRoot="taylordl_PAR8B3DX 2012-02-23 12_36_55">
      <DeploymentItem filename="C:\Documents and Settings\taylordl\My Documents\Visual Studio 2010\Projects\GIT Survey\Survey\bin\Survey.dll" />
    </Deployment>
    <Execution>
      <TestTypeSpecific />
      <AgentRule name="Execution Agents">
      </AgentRule>
    </Execution>
  </TestSettings>
  <Times creation="2012-02-23T12:36:55.6717395-05:00" queuing="2012-02-23T12:36:56.4999281-05:00" start="2012-02-23T12:36:56.5155543-05:00" finish="2012-02-23T12:36:57.1718547-05:00" />
  <ResultSummary outcome="Failed">
    <Counters total="2" executed="2" error="0" failed="2" timeout="0" aborted="0" inconclusive="0" passedButRunAborted="0" notRunnable="0" notExecuted="0" disconnected="0" warning="0" passed="0" completed="0" inProgress="0" pending="0" />
  </ResultSummary>
  <TestDefinitions>
    <UnitTest name="Index" storage="c:\documents and settings\taylordl\my documents\visual studio 2010\projects\git survey\survey.tests\bin\debug\survey.tests.dll" id="af92bbaa-abc7-58eb-50fb-3eaaccae0520">
      <Execution id="13b71542-806d-49b4-ba60-6f826bd368fe" />
      <TestMethod codeBase="C:/Documents and Settings/taylordl/My Documents/Visual Studio 2010/Projects/GIT Survey/Survey.Tests/bin/Debug/Survey.Tests.DLL" adapterTypeName="Microsoft.VisualStudio.TestTools.TestTypes.Unit.UnitTestAdapter, Microsoft.VisualStudio.QualityTools.Tips.UnitTest.Adapter, Version=10.0.0.0, Culture=neutral, PublicKeyToken=b03f5f7f11d50a3a" className="Survey.Tests.Controllers.HomeControllerTest, Survey.Tests, Version=1.0.0.0, Culture=neutral, PublicKeyToken=null" name="Index" />
    </UnitTest>
    <UnitTest name="About" storage="c:\documents and settings\taylordl\my documents\visual studio 2010\projects\git survey\survey.tests\bin\debug\survey.tests.dll" id="bd593069-be31-904c-7764-ec034852b360">
      <Execution id="e71b77bf-1a68-4908-973a-ed0eac496b3b" />
      <TestMethod codeBase="C:/Documents and Settings/taylordl/My Documents/Visual Studio 2010/Projects/GIT Survey/Survey.Tests/bin/Debug/Survey.Tests.DLL" adapterTypeName="Microsoft.VisualStudio.TestTools.TestTypes.Unit.UnitTestAdapter, Microsoft.VisualStudio.QualityTools.Tips.UnitTest.Adapter, Version=10.0.0.0, Culture=neutral, PublicKeyToken=b03f5f7f11d50a3a" className="Survey.Tests.Controllers.HomeControllerTest, Survey.Tests, Version=1.0.0.0, Culture=neutral, PublicKeyToken=null" name="About" />
    </UnitTest>
  </TestDefinitions>
  <TestLists>
    <TestList name="Results Not in a List" id="8c84fa94-04c1-424b-9868-57a2d4851a1d" />
    <TestList name="All Loaded Results" id="19431567-8539-422a-85d7-44ee4e166bda" />
  </TestLists>
  <TestEntries>
    <TestEntry testId="af92bbaa-abc7-58eb-50fb-3eaaccae0520" executionId="13b71542-806d-49b4-ba60-6f826bd368fe" testListId="8c84fa94-04c1-424b-9868-57a2d4851a1d" />
    <TestEntry testId="bd593069-be31-904c-7764-ec034852b360" executionId="e71b77bf-1a68-4908-973a-ed0eac496b3b" testListId="8c84fa94-04c1-424b-9868-57a2d4851a1d" />
  </TestEntries>
  <Results>
    <UnitTestResult executionId="13b71542-806d-49b4-ba60-6f826bd368fe" testId="af92bbaa-abc7-58eb-50fb-3eaaccae0520" testName="Index" computerName="PAR8B3DX" duration="00:00:00.1946149" startTime="2012-02-23T12:36:56.6405639-05:00" endTime="2012-02-23T12:36:57.1406023-05:00" testType="13cdc9d9-ddb5-4fa4-a97d-d965ccfc6d4b" outcome="Failed" testListId="8c84fa94-04c1-424b-9868-57a2d4851a1d" relativeResultsDirectory="13b71542-806d-49b4-ba60-6f826bd368fe">
      <Output>
        <ErrorInfo>
          <Message>Test method Survey.Tests.Controllers.HomeControllerTest.Index threw exception: 
System.ArgumentException: The specified named connection is either not found in the configuration, not intended to be used with the EntityClient provider, or not valid.</Message>
          <StackTrace>    at System.Data.EntityClient.EntityConnection.ChangeConnectionString(String newConnectionString)
   at System.Data.EntityClient.EntityConnection..ctor(String connectionString)
   at System.Data.Objects.ObjectContext.CreateEntityConnection(String connectionString)
   at System.Data.Objects.ObjectContext..ctor(String connectionString, String defaultContainerName)
   at Survey.Models.Survey_DBEntities..ctor() in C:\Documents and Settings\taylordl\My Documents\Visual Studio 2010\Projects\GIT Survey\Survey\Models\SurveyDB.Designer.cs:line 50
   at Survey.Controllers.HomeController..ctor() in C:\Documents and Settings\taylordl\My Documents\Visual Studio 2010\Projects\GIT Survey\Survey\Controllers\HomeController.cs:line 14
   at Survey.Tests.Controllers.HomeControllerTest.Index() in C:\Documents and Settings\taylordl\My Documents\Visual Studio 2010\Projects\GIT Survey\Survey.Tests\Controllers\HomeControllerTest.cs:line 19
</StackTrace>
        </ErrorInfo>
      </Output>
    </UnitTestResult>
    <UnitTestResult executionId="e71b77bf-1a68-4908-973a-ed0eac496b3b" testId="bd593069-be31-904c-7764-ec034852b360" testName="About" computerName="PAR8B3DX" duration="00:00:00.0033819" startTime="2012-02-23T12:36:57.1562285-05:00" endTime="2012-02-23T12:36:57.1562285-05:00" testType="13cdc9d9-ddb5-4fa4-a97d-d965ccfc6d4b" outcome="Failed" testListId="8c84fa94-04c1-424b-9868-57a2d4851a1d" relativeResultsDirectory="e71b77bf-1a68-4908-973a-ed0eac496b3b">
      <Output>
        <ErrorInfo>
          <Message>Test method Survey.Tests.Controllers.HomeControllerTest.About threw exception: 
System.ArgumentException: The specified named connection is either not found in the configuration, not intended to be used with the EntityClient provider, or not valid.</Message>
          <StackTrace>    at System.Data.EntityClient.EntityConnection.ChangeConnectionString(String newConnectionString)
   at System.Data.EntityClient.EntityConnection..ctor(String connectionString)
   at System.Data.Objects.ObjectContext.CreateEntityConnection(String connectionString)
   at System.Data.Objects.ObjectContext..ctor(String connectionString, String defaultContainerName)
   at Survey.Models.Survey_DBEntities..ctor() in C:\Documents and Settings\taylordl\My Documents\Visual Studio 2010\Projects\GIT Survey\Survey\Models\SurveyDB.Designer.cs:line 50
   at Survey.Controllers.HomeController..ctor() in C:\Documents and Settings\taylordl\My Documents\Visual Studio 2010\Projects\GIT Survey\Survey\Controllers\HomeController.cs:line 14
   at Survey.Tests.Controllers.HomeControllerTest.About() in C:\Documents and Settings\taylordl\My Documents\Visual Studio 2010\Projects\GIT Survey\Survey.Tests\Controllers\HomeControllerTest.cs:line 32
</StackTrace>
        </ErrorInfo>
      </Output>
    </UnitTestResult>
  </Results>
</TestRun>