<?xml version="1.0" encoding="UTF-8"?>
<TestRun id="f651fe93-002c-4236-b88a-e10da1d6bd22" name="taylordl@PAR8B3DX 2012-02-23 12:33:45" runUser="CORALEIGH\taylordl" xmlns="http://microsoft.com/schemas/VisualStudio/TeamTest/2010">
  <TestSettings name="Default Test Settings" id="5d31efa6-215a-451d-acf4-7165c473551a">
    <Deployment runDeploymentRoot="taylordl_PAR8B3DX 2012-02-23 12_33_45">
      <DeploymentItem filename="C:\Documents and Settings\taylordl\My Documents\Visual Studio 2010\Projects\GIT Survey\Survey\bin\Survey.dll" />
    </Deployment>
    <Execution>
      <TestTypeSpecific />
      <AgentRule name="Execution Agents">
      </AgentRule>
    </Execution>
  </TestSettings>
  <Times creation="2012-02-23T12:33:45.7195833-05:00" queuing="2012-02-23T12:33:46.3602821-05:00" start="2012-02-23T12:33:46.3759089-05:00" finish="2012-02-23T12:33:46.9541005-05:00" />
  <ResultSummary outcome="Failed">
    <Counters total="1" executed="1" error="0" failed="1" timeout="0" aborted="0" inconclusive="0" passedButRunAborted="0" notRunnable="0" notExecuted="0" disconnected="0" warning="0" passed="0" completed="0" inProgress="0" pending="0" />
  </ResultSummary>
  <TestDefinitions>
    <UnitTest name="About" storage="c:\documents and settings\taylordl\my documents\visual studio 2010\projects\git survey\survey.tests\bin\debug\survey.tests.dll" id="bd593069-be31-904c-7764-ec034852b360">
      <Execution id="4b0a71f0-14ec-45c6-8f83-4c230bb492ef" />
      <TestMethod codeBase="C:/Documents and Settings/taylordl/My Documents/Visual Studio 2010/Projects/GIT Survey/Survey.Tests/bin/Debug/Survey.Tests.DLL" adapterTypeName="Microsoft.VisualStudio.TestTools.TestTypes.Unit.UnitTestAdapter, Microsoft.VisualStudio.QualityTools.Tips.UnitTest.Adapter, Version=10.0.0.0, Culture=neutral, PublicKeyToken=b03f5f7f11d50a3a" className="Survey.Tests.Controllers.HomeControllerTest, Survey.Tests, Version=1.0.0.0, Culture=neutral, PublicKeyToken=null" name="About" />
    </UnitTest>
  </TestDefinitions>
  <TestLists>
    <TestList name="Results Not in a List" id="8c84fa94-04c1-424b-9868-57a2d4851a1d" />
    <TestList name="All Loaded Results" id="19431567-8539-422a-85d7-44ee4e166bda" />
  </TestLists>
  <TestEntries>
    <TestEntry testId="bd593069-be31-904c-7764-ec034852b360" executionId="4b0a71f0-14ec-45c6-8f83-4c230bb492ef" testListId="8c84fa94-04c1-424b-9868-57a2d4851a1d" />
  </TestEntries>
  <Results>
    <UnitTestResult executionId="4b0a71f0-14ec-45c6-8f83-4c230bb492ef" testId="bd593069-be31-904c-7764-ec034852b360" testName="About" computerName="PAR8B3DX" duration="00:00:00.2598492" startTime="2012-02-23T12:33:46.3759089-05:00" endTime="2012-02-23T12:33:46.9384737-05:00" testType="13cdc9d9-ddb5-4fa4-a97d-d965ccfc6d4b" outcome="Failed" testListId="8c84fa94-04c1-424b-9868-57a2d4851a1d" relativeResultsDirectory="4b0a71f0-14ec-45c6-8f83-4c230bb492ef">
      <Output>
        <ErrorInfo>
          <Message>Test method Survey.Tests.Controllers.HomeControllerTest.About threw exception: 
System.ArgumentException: The specified named connection is either not found in the configuration, not intended to be used with the EntityClient provider, or not valid.</Message>
          <StackTrace>    at System.Data.EntityClient.EntityConnection.ChangeConnectionString(String newConnectionString)
   at System.Data.EntityClient.EntityConnection..ctor(String connectionString)
   at System.Data.Objects.ObjectContext.CreateEntityConnection(String connectionString)
   at System.Data.Objects.ObjectContext..ctor(String connectionString, String defaultContainerName)
   at Survey.Models.Survey_DBEntities..ctor() in C:\Documents and Settings\taylordl\My Documents\Visual Studio 2010\Projects\GIT Survey\Survey\Models\SurveyDB.Designer.cs:line 50
   at Survey.Controllers.HomeController..ctor() in C:\Documents and Settings\taylordl\My Documents\Visual Studio 2010\Projects\GIT Survey\Survey\Controllers\HomeController.cs:line 14
   at Survey.Tests.Controllers.HomeControllerTest.About() in C:\Documents and Settings\taylordl\My Documents\Visual Studio 2010\Projects\GIT Survey\Survey.Tests\Controllers\HomeControllerTest.cs:line 32
</StackTrace>
        </ErrorInfo>
      </Output>
    </UnitTestResult>
  </Results>
</TestRun>